warning: mathlib: repository '.lake/packages\mathlib' has local changes
warning: plausible: repository '.lake/packages\plausible' has local changes
warning: LeanSearchClient: repository '.lake/packages\LeanSearchClient' has local changes
warning: importGraph: repository '.lake/packages\importGraph' has local changes
warning: proofwidgets: repository '.lake/packages\proofwidgets' has local changes
warning: aesop: repository '.lake/packages\aesop' has local changes
warning: Qq: repository '.lake/packages\Qq' has local changes
warning: batteries: repository '.lake/packages\batteries' has local changes
warning: Cli: repository '.lake/packages\Cli' has local changes
'FiniteAsdim.theorem1_1' depends on axioms: [propext, Classical.choice, Quot.sound]
'FiniteAsdim.theorem1_1_closed' depends on axioms: [propext, Classical.choice, Quot.sound]
'FiniteAsdim.theorem1_1_statement' depends on axioms: [propext, Classical.choice, Quot.sound]
'FiniteAsdim.lattice_bound' depends on axioms: [propext, Classical.choice, Quot.sound]
'FiniteAsdim.uniform_cancellation' depends on axioms: [propext, Classical.choice, Quot.sound]
'FiniteAsdim.completion_image_reduction' depends on axioms: [propext, Classical.choice, Quot.sound]
'FiniteAsdim.generating_reduction_to_lattice' depends on axioms: [propext, Classical.choice, Quot.sound]
'FiniteAsdim.reduction_to_lattice' depends on axioms: [propext, Classical.choice, Quot.sound]
'FiniteAsdim.collision_reduction_data' depends on axioms: [propext, Classical.choice, Quot.sound]
'FiniteAsdim.collisionImage_rank' depends on axioms: [propext, Classical.choice, Quot.sound]
'FiniteAsdim.torsion_subgroup_finite' depends on axioms: [propext, Classical.choice, Quot.sound]
'FiniteAsdim.torsion_quotient_rank' depends on axioms: [propext, Classical.choice, Quot.sound]
'FiniteAsdim.cyclic_group_quotient_rank_drop' depends on axioms: [propext, Classical.choice, Quot.sound]
'FiniteAsdim.torsionFree_equiv_lattice' depends on axioms: [propext, Classical.choice, Quot.sound]
'FiniteAsdim.Schreier.near_iff_common_future' depends on axioms: [propext, Quot.sound]
'FiniteAsdim.Schreier.quotient_boundedToOneAction' depends on axioms: [propext, Classical.choice, Quot.sound]
'FiniteAsdim.fiber_pair_graph_coloring' depends on axioms: [propext, Classical.choice, Quot.sound]
'FiniteAsdim.finite_window_local_rule' depends on axioms: [propext, Classical.choice, Quot.sound]
'FiniteAsdim.finite_pattern_compression' depends on axioms: [propext, Classical.choice, Quot.sound]
'FiniteAsdim.local_freeness_witness' depends on axioms: [propext, Classical.choice, Quot.sound]
'FiniteAsdim.asdimLE_finite_union' depends on axioms: [propext, Classical.choice, Quot.sound]
'FiniteAsdim.rank_step' depends on axioms: [propext, Classical.choice, Quot.sound]
